// Jest Snapshot v1, https://goo.gl/fbAQLP

exports[`SubclassesList component should render a list of subclasses 1`] = `
<div
  data-testid="subclasses-list"
>
  <span>
    Subclasses:
  </span>
  <ul>
    <li>
      Dark Warrior
    </li>
    <li>
      Magic Wizard
    </li>
  </ul>
</div>
`;
